--------- beginning of main
05-07 16:57:20.826 E/NotifRow( 2053): Magnetic state changed from IDLE to IDLE on a null swiped listener, or the logging key of the listener is null
--------- beginning of system
05-07 16:57:20.864 E/AlarmManager( 1569): Attempt to decrement existing alarm count 0 by 1 for uid 1000
05-07 16:57:20.867 E/AlarmManager( 1569): Attempt to decrement existing alarm count 0 by 1 for uid 1000
05-07 16:57:20.901 E/AppOps  ( 1569): attributionTag IWLAN not declared in manifest of com.google.android.iwlan
05-07 16:57:20.957 E/TelephonyConfigUpdateInstallReceiver( 2348): Failed to read current content : /data/misc/telephonyconfig/valid_telephony_config.pb
05-07 16:57:20.958 E/TelephonyConfigUpdateInstallReceiver( 2348): Failed to read current content : /data/misc/telephonyconfig/valid_telephony_config.pb
05-07 16:57:20.958 E/SatelliteController( 2348): registerForSatelliteModemStateChanged: mSatelliteSessionController is not initialized yet
05-07 16:57:20.958 E/SatelliteController( 2348): unregisterForModemStateChanged: mSatelliteSessionController is not initialized yet
05-07 16:57:21.110 E/msys    (28855): E[N mns:TigonMNS]_LogError(280)=>Failed to resolve using system DNS resolver, getaddrinfo(): No address associated with hostname
05-07 16:57:21.111 E/msys    (28855): E[N mns:TigonMNS]_LogError(280)=>Failed to resolve using system DNS resolver, getaddrinfo(): No address associated with hostname
05-07 16:57:21.111 E/msys    (28855): E[N mns:TigonMNS]_LogError(280)=>Failed to resolve using system DNS resolver, getaddrinfo(): No address associated with hostname
05-07 16:57:21.111 E/msys    (28855): E[N mns:TigonMNS]_LogError(280)=>Failed to resolve using system DNS resolver, getaddrinfo(): No address associated with hostname
05-07 16:57:21.111 E/msys    (28855): E[N mns:TigonMNS]_LogError(280)=>Failed to resolve using system DNS resolver, getaddrinfo(): No address associated with hostname
05-07 16:57:21.111 E/msys    (28855): E[N mns:TigonMNS]_LogError(280)=>Failed to resolve using system DNS resolver, getaddrinfo(): No address associated with hostname
05-07 16:57:21.143 E/msys    (28855): E[N mccw.liger]onConnectError(579)=>connect/error - address: 2a03:2880:f257:e6:face:b00c:0:6e2e, port: 5222, ex: folly::AsyncSocketException: AsyncSocketException: connect timed out after 9999ms, type = Timed out
05-07 16:57:21.152 E/msys    (28855): E[N mns:DGWClient]_LogError(280)=>Failed to resolve using system DNS resolver, getaddrinfo(): No address associated with hostname
05-07 16:57:21.155 E/APM::AudioInputDescriptor(  999): setDevice failed to set preferred config for device AUDIO_DEVICE_IN_BUILTIN_MIC, @:bottom
05-07 16:57:21.167 E/msys    (28855): E[N mccw.liger]onConnectError(579)=>connect/error - address: 2a03:2880:f257:e6:face:b00c:0:6e2e, port: 443, ex: folly::AsyncSocketException: AsyncSocketException: connect timed out after 9999ms, type = Timed out
05-07 16:57:21.186 E/msys    (28855): E[N mns:DGWClient]_OnResolverSuccess(308)=>Cache refresh succeeded with system DNS resolver. IP count: 2
05-07 16:57:21.203 E/msys    (28855): E[N WCCConnectionMEM]_WCCConnectionMEMLifecycleEventHandler(2240)=>[INFO] connection/xmpp/lifecycle_event/did-connect, [520.3467s]
05-07 16:57:21.305 E/msys    (28855): E[N WCCConnectionMEM]_WCCConnectionMEMLifecycleEventHandler(2240)=>[INFO] connection/xmpp/lifecycle_event/did-send-initial-payload, [0.1018s]
05-07 16:57:21.313 E/statsd  (  909): Stats puller failed for tag: 150023 at 1142697617683408
05-07 16:57:21.361 E/msys    (28855): E[N WCCConnectionMEM]_WCCConnectionMEMLifecycleEventHandler(2240)=>[INFO] connection/xmpp/lifecycle_event/will-handshake, [0.0554s]
05-07 16:57:21.367 E/msys    (28855): E[N WCCConnectionMEM]_WCCConnectionMEMLifecycleEventHandler(2240)=>[INFO] connection/xmpp/lifecycle_event/did-handshake, [0.0064s]
05-07 16:57:21.372 E/msys    (28855): E[N WCCConnectionMEM]_WCCConnectionMEMReceiveHandler(2412)=>[INFO] connection/receive/login-success
05-07 16:57:21.374 E/msys    (28855): E[N WCCConnectionMEM]_WCCConnectionMEMEmitStateChange(3256)=>[INFO] connection/new_state/connected [connection_id=350690937, wcc_source=1, wcc_reason=18]
05-07 16:57:21.375 E/msys    (28855): E[C MEMConnectionManager]_MEMConnectionManagerStateChangeHandler(585)=>[Critical] MEMConnectionState updated to ID: 2 with connectionId: 350690937
05-07 16:57:21.400 E/msys    (28855): E[N mns:TigonMNS]_OnResolverSuccess(308)=>Cache refresh succeeded with system DNS resolver. IP count: 2
05-07 16:57:21.477 E/AOC     ( 1203): F1:ERR: hotword_input_processor.cc, 849: Wrong CRC: 0x1e8da48d, expected: 0x24789a4f
05-07 16:57:21.546 E/IntentOperation( 1718): No such module intent operation: com.google.android.gms.kids.operations.KidsSystemIntentOperation for action: android.intent.action.DREAMING_STOPPED
05-07 16:57:21.546 E/IntentOperation( 1718): No such module intent operation: com.google.android.gms.kids.features.appusage.AppUsageLimitCheckingIntentOperation for action: android.intent.action.DREAMING_STOPPED
05-07 16:57:21.709 E/SlowAppComponent(28855): 0ms: KeepWarmReceiver instantiating…
05-07 16:57:21.709 E/SlowAppComponent(28855): Main thread was blocked for 517ms in the background starting with KeepWarmReceiver
05-07 16:57:22.164 E/msys    (28855): E[N mns:TigonMNS]_OnResolverSuccess(308)=>Cache refresh succeeded with system DNS resolver. IP count: 2
05-07 16:57:26.224 E/msys    (28855): E[N mccw.liger]onReadError(732)=>read/error - ex: AsyncSocketException: recv() failed (peer=[2a03:2880:f257:e6:face:b00c:0:6e2e]:80), type = Internal error, errno = 103 (Software caused connection abort), errno: 103
05-07 16:57:26.236 E/msys    (28855): E[N WA]_WCCXMPPStreamDisconnectHandler(340)=>xmpp/disconnect - WCIStreamStateErrorCode: 2, domain: WCIStreamState, subdomain: MCCWLigerStream: Error Domain=WCIStreamState Code=2 UserInfo=0xb4000076d52892f0 {MCFErrorDirectUnderlyingErrorKey=0xb400007714769e50 "Error Domain=MCCWLigerStream Code=2 UserInfo=0xb4000076d533dfc0 {MCFErrorDirectLocalizedFailureReasonKey=AsyncSocketException: recv() failed (peer=[2a03:2880:f257:e6:face:b00c:0:6e2e]:80), type = Internal error, errno = 103 (Software caused connection abort)}"}
05-07 16:57:26.236 E/msys    (28855): E[N WCCConnectionMEM]_WCCConnectionMEMLifecycleEventHandler(2240)=>[INFO] connection/xmpp/lifecycle_event/not-connected, [4.8688s]
05-07 16:57:26.236 E/msys    (28855): E[N WA]_WCCXMPPStreamDoDisconnect(1307)=>xmpp/disconnect - flags: 256
05-07 16:57:26.236 E/msys    (28855): E[N WCCConnectionMEM]_WCCConnectionMEMDisconnectHandler(2351)=>connection/disconnected, peer reset
05-07 16:57:26.237 E/msys    (28855): E[N WCCConnectionMEM]_WCCConnectionMEMEmitStateChange(3256)=>[INFO] connection/new_state/not-connected [connection_id=350690937, wcc_source=1, wcc_reason=18]
05-07 16:57:26.238 E/msys    (28855): E[C MEMConnectionManager]_MEMConnectionManagerStateChangeHandler(585)=>[Critical] MEMConnectionState updated to ID: 0 with connectionId: 350690937
05-07 16:57:26.240 E/msys    (28855): E[C 1]_MCCLogErrorInternal(330)=>8/374/3970/65536
05-07 16:57:26.240 E/msys    (28855): E[C 1]_MCCLogErrorInternal(330)=>8/374/3972/18
05-07 16:57:26.241 E/msys    (28855): E[C mem.context]_LogConnectFailure(4804)=>Establishing connection failure reason and flags: disconnect/Doze/-1/reason/18/flags/65536/[-, -, -, -, -, -, -, -, -, peer_reset, -, -, -, -]
05-07 16:57:26.241 E/msys    (28855): E[C mem.context]_LogConnectFailure(4836)=>[Happy Eyeball] Connect failed with source=1, winner stream ip=2a03:2880:f257:e6:face:b00c:0:6e2e, port=80, dnsResolutionMethod=1, combined_ip_addresses=2a03:2880:f257:e6:face:b00c:0:6e2e, 157.240.223.175
05-07 16:57:26.250 E/msys    (28855): E[N WCCConnectionMEM]_WCCConnectionMEMEmitStateChange(3256)=>[INFO] connection/new_state/connecting [connection_id=350690938, wcc_source=1, wcc_reason=18]
05-07 16:57:26.250 E/msys    (28855): E[C MEMConnectionManager]_MEMConnectionManagerStateChangeHandler(585)=>[Critical] MEMConnectionState updated to ID: 1 with connectionId: 350690938
05-07 16:57:26.274 E/msys    (28855): E[N mns:DGWClient]_LogError(280)=>Failed to resolve using system DNS resolver, getaddrinfo(): No address associated with hostname
05-07 16:57:26.278 E/msys    (28855): E[N mns:DGWClient]_LogError(280)=>Failed to resolve using system DNS resolver, getaddrinfo(): No address associated with hostname
05-07 16:57:26.281 E/msys    (28855): E[N WCCConnectionMEM]_WCCConnectionMEMDoConnectWithAuthKeys(1558)=>[INFO] connection/connect/start/[host=z-p42-chat-e2ee-ig.facebook.com port=5222]/[157.240.223.175:5222]/socketAddressCount=2
05-07 16:57:26.282 E/msys    (28855): E[N WCCConnectionMEM]_WCCConnectionMEMLifecycleEventHandler(2232)=>[INFO] connection/xmpp/lifecycle_event/will-connect
05-07 16:57:26.282 E/msys    (28855): E[A WA]WCCHandshakeCreate(191)=>handshake/create, pq mode:0
05-07 16:57:27.346 E/libbinder.IPCThreadState(  995): binder thread pool (1 threads) starved for 107 ms
05-07 16:57:30.504 E/libbinder.IPCThreadState(  995): binder thread pool (1 threads) starved for 115 ms
05-07 16:57:31.462 E/NotifRow( 2053): Magnetic state changed from IDLE to IDLE on a null swiped listener, or the logging key of the listener is null
05-07 16:57:31.489 E/InputDispatcher( 1569): channel '[Gesture Monitor] Quick Tap' ~ Channel is unrecoverably broken and will be disposed!
05-07 16:57:31.510 E/IntentOperation( 1718): No such module intent operation: com.google.android.gms.kids.operations.KidsSystemIntentOperation for action: android.intent.action.DREAMING_STARTED
05-07 16:57:31.510 E/IntentOperation( 1718): No such module intent operation: com.google.android.gms.kids.features.appusage.AppUsageLimitCheckingIntentOperation for action: android.intent.action.DREAMING_STARTED
05-07 16:57:31.566 E/statsd  (  909): Stats puller failed for tag: 150023 at 1142708115422956
05-07 16:57:40.144 E/libbinder.IPCThreadState(  995): binder thread pool (1 threads) starved for 134 ms
05-07 16:58:39.174 E/APM::AudioInputDescriptor(  999): setDevice failed to set preferred config for device AUDIO_DEVICE_IN_BUILTIN_MIC, @:bottom
05-07 16:58:42.541 E/AOC     ( 1203): F1:ERR: hotword_input_processor.cc, 849: Wrong CRC: 0x1e8da48d, expected: 0x24789a4f
05-07 16:58:44.750 E/libbinder.IPCThreadState(  995): binder thread pool (1 threads) starved for 135 ms
05-07 16:59:30.243 E/AppOps  ( 1569): attributionTag IWLAN not declared in manifest of com.google.android.iwlan
05-07 16:59:30.327 E/music   (29653): Blocked onNotificationPosted StatusBarNotification(pkg=com.huami.watch.hmwatchmanager user=UserHandle{0} id=4 tag=null key=0|com.huami.watch.hmwatchmanager|4|null|10292: Notification(channel=AppNotification shortcut=null contentView=null vibrate=null sound=null defaults=0 flags=ONGOING_EVENT|NO_CLEAR|FOREGROUND_SERVICE color=0xff007baf vis=PRIVATE))
05-07 16:59:40.328 E/BoundServiceSession( 1569): Bad key 1 received in binderTransactionCompleted! Closing all transactions on CR{b76ad70 1569->com.google.android.as/com.google.android.apps.miphone.aiai.common.notification.service.AiAiNotificationListenerService flags=0x805000101}. Current keys: {onNotificationPostedFull=0}; Counts: [1]
05-07 16:59:40.329 E/BoundServiceSession( 1569): Bad key 0 received in binderTransactionCompleted! Closing all transactions on CR{b76ad70 1569->com.google.android.as/com.google.android.apps.miphone.aiai.common.notification.service.AiAiNotificationListenerService flags=0x805000101}. Current keys: {}; Counts: []
05-07 16:59:52.184 E/libbinder.IPCThreadState(  995): binder thread pool (1 threads) starved for 121 ms
05-07 17:00:00.303 E/libbinder.IPCThreadState(  995): binder thread pool (1 threads) starved for 121 ms
